// Jest Snapshot v1, https://goo.gl/fbAQLP

exports[`unit/Incentives #createIncentive works and has gas cost [ @skip-on-coverage ] 1`] = `1504798`;
