// Jest Snapshot v1, https://goo.gl/fbAQLP

exports[`Base64 #encode gas cost of encode(<some html>) [ @skip-on-coverage ] 1`] = `1497`;

exports[`Base64 #encode gas cost of encode(aLpHaBeT) [ @skip-on-coverage ] 1`] = `1256`;

exports[`Base64 #encode gas cost of encode(alphabet soup) [ @skip-on-coverage ] 1`] = `1727`;

exports[`Base64 #encode gas cost of encode(f) [ @skip-on-coverage ] 1`] = `763`;

exports[`Base64 #encode gas cost of encode(fo) [ @skip-on-coverage ] 1`] = `774`;

exports[`Base64 #encode gas cost of encode(foo) [ @skip-on-coverage ] 1`] = `769`;

exports[`Base64 #encode gas cost of encode(foob) [ @skip-on-coverage ] 1`] = `1004`;

exports[`Base64 #encode gas cost of encode(fooba) [ @skip-on-coverage ] 1`] = `1015`;

exports[`Base64 #encode gas cost of encode(foobar) [ @skip-on-coverage ] 1`] = `1010`;

exports[`Base64 #encode gas cost of encode(includes
newlines) [ @skip-on-coverage ] 1`] = `1979`;

exports[`Base64 #encode gas cost of encode(test string) [ @skip-on-coverage ] 1`] = `1497`;

exports[`Base64 #encode gas cost of encode(this is a test) [ @skip-on-coverage ] 1`] = `1738`;

exports[`Base64 #encode gas cost of encode(this is a very long string that should cost a lot of gas to encode :)) [ @skip-on-coverage ] 1`] = `6083`;

exports[`Base64 #encode gas cost of encode(ðŸ˜€) [ @skip-on-coverage ] 1`] = `1004`;

exports[`Base64 #encode max size string (24kB) gas cost [ @skip-on-coverage ] 1`] = `3731900`;
