// Jest Snapshot v1, https://goo.gl/fbAQLP

exports[`LiquidityAmounts #getAmount0ForLiquidity gas [ @skip-on-coverage ] 1`] = `343`;

exports[`LiquidityAmounts #getAmountsForLiquidity gas for price above [ @skip-on-coverage ] 1`] = `472`;

exports[`LiquidityAmounts #getAmountsForLiquidity gas for price below [ @skip-on-coverage ] 1`] = `493`;

exports[`LiquidityAmounts #getAmountsForLiquidity gas for price inside [ @skip-on-coverage ] 1`] = `822`;

exports[`LiquidityAmounts #getLiquidityForAmount0 gas [ @skip-on-coverage ] 1`] = `547`;

exports[`LiquidityAmounts #getLiquidityForAmount1 gas [ @skip-on-coverage ] 1`] = `353`;

exports[`LiquidityAmounts #getLiquidityForAmount1 gas [ @skip-on-coverage ] 2`] = `359`;

exports[`LiquidityAmounts #getLiquidityForAmounts gas for price above [ @skip-on-coverage ] 1`] = `528`;

exports[`LiquidityAmounts #getLiquidityForAmounts gas for price below [ @skip-on-coverage ] 1`] = `694`;

exports[`LiquidityAmounts #getLiquidityForAmounts gas for price inside [ @skip-on-coverage ] 1`] = `1135`;
