// Jest Snapshot v1, https://goo.gl/fbAQLP

exports[`NonfungiblePositionManager #burn gas [ @skip-on-coverage ] 1`] = `66076`;

exports[`NonfungiblePositionManager #collect gas transfers both [ @skip-on-coverage ] 1`] = `116922`;

exports[`NonfungiblePositionManager #collect gas transfers token0 only [ @skip-on-coverage ] 1`] = `110146`;

exports[`NonfungiblePositionManager #collect gas transfers token1 only [ @skip-on-coverage ] 1`] = `110337`;

exports[`NonfungiblePositionManager #createAndInitializePoolIfNecessary gas [ @skip-on-coverage ] 1`] = `6823096`;

exports[`NonfungiblePositionManager #decreaseLiquidity gas complete decrease [ @skip-on-coverage ] 1`] = `196568`;

exports[`NonfungiblePositionManager #decreaseLiquidity gas partial decrease [ @skip-on-coverage ] 1`] = `213757`;

exports[`NonfungiblePositionManager #increaseLiquidity gas [ @skip-on-coverage ] 1`] = `232003`;

exports[`NonfungiblePositionManager #mint gas first mint for pool [ @skip-on-coverage ] 1`] = `669054`;

exports[`NonfungiblePositionManager #mint gas first mint for pool using eth with non-zero refund [ @skip-on-coverage ] 1`] = `679437`;

exports[`NonfungiblePositionManager #mint gas first mint for pool using eth with zero refund [ @skip-on-coverage ] 1`] = `672212`;

exports[`NonfungiblePositionManager #mint gas mint for same pool, different ticks [ @skip-on-coverage ] 1`] = `506563`;

exports[`NonfungiblePositionManager #mint gas mint on same ticks [ @skip-on-coverage ] 1`] = `399726`;

exports[`NonfungiblePositionManager #permit owned by eoa gas [ @skip-on-coverage ] 1`] = `64528`;

exports[`NonfungiblePositionManager #permit owned by verifying contract gas [ @skip-on-coverage ] 1`] = `68325`;

exports[`NonfungiblePositionManager #transferFrom gas [ @skip-on-coverage ] 1`] = `109690`;

exports[`NonfungiblePositionManager #transferFrom gas comes from approved [ @skip-on-coverage ] 1`] = `108290`;

exports[`NonfungiblePositionManager bytecode size [ @skip-on-coverage ] 1`] = `24180`;

exports[`NonfungiblePositionManager multicall exit gas [ @skip-on-coverage ] 1`] = `265380`;
