// Jest Snapshot v1, https://goo.gl/fbAQLP

exports[`AlgebraFactory #createPool gas [ @skip-on-coverage ] 1`] = `6782266`;

exports[`AlgebraFactory factory bytecode size  [ @skip-on-coverage ] 1`] = `13503`;

exports[`AlgebraFactory pool bytecode size  [ @skip-on-coverage ] 1`] = `22562`;
